// Jest Snapshot v1, https://goo.gl/fbAQLP

exports[`<ProductDetail /> should render product detail correctly 1`] = `
.c0 {
  display: grid;
  grid-template-columns: 70% 30%;
  grid-template-rows: 2;
  grid-template-areas: 'main main' 'description .';
  padding: 32px;
}

.c1 {
  grid-area: main;
  display: grid;
  grid-template-columns: 70% 30%;
  grid-template-rows: 1;
  grid-template-areas: 'image payment';
}

.c2 {
  width: 680px;
  height: 460px;
  object-fit: contain;
  grid-area: image;
}

.c3 {
  grid-area: payment;
}

.c3 h1 {
  font-size: 46px;
  padding: 32px 0;
  font-weight: 400;
}

.c3 h2 {
  font-size: 24px;
  font-weight: 600;
}

.c3 h3 {
  margin-bottom: 16px;
  font-size: 14px;
  color: #333333;
  font-weight: 400;
}

.c4 {
  width: 100%;
  padding: 16px;
  font-weight: 400;
  font-size: 16px;
  border-radius: 4px;
  background-color: #3483FA;
  color: #FFFFFF;
  -webkit-transition: background-color 0.2s ease-in;
  transition: background-color 0.2s ease-in;
}

.c4:hover {
  background-color: #2968c8;
}

.c5 {
  grid-area: description;
}

.c5 h1 {
  margin: 32px 0;
  font-size: 28px;
  color: #333333;
  font-weight: 400;
}

.c5 p {
  font-size: 16px;
  color: #999999;
}

<div
  class="c0"
>
  <div
    class="c1"
  >
    <img
      alt="Image do produto no tamanho 680x460 ao lado das informações do produto"
      class="c2"
      src="http://http2.mlstatic.com/D_976592-MLA46432963374_062021-I.jpg"
    />
    <div
      class="c3"
    >
      <h3>
        Nuevo
         - 
        3
         
        vendidos
      </h3>
      <h2>
        Product title
      </h2>
      <h1>
        $ 144,00
      </h1>
      <button
        class="c4"
      >
        Comprar
      </button>
    </div>
  </div>
  <div
    class="c5"
  >
    <h1>
      Descripción del producto
    </h1>
    <p>
      Product description
    </p>
  </div>
</div>
`;
